============================= test session starts =============================
platform win32 -- Python 3.13.11, pytest-9.0.2, pluggy-1.6.0 -- C:\Users\franc\Documents\m3tacron\.venv\Scripts\python.exe
cachedir: .pytest_cache
rootdir: C:\Users\franc\Documents\m3tacron-issue-65
plugins: anyio-4.12.1, asyncio-1.3.0
asyncio: mode=Mode.STRICT, debug=False, asyncio_default_fixture_loop_scope=None, asyncio_default_test_loop_scope=function
collecting ... collected 4 items

backend/tests/test_epic_filter.py::test_epic_filter_pilots PASSED
backend/tests/test_epic_filter.py::test_epic_filter_upgrades PASSED
backend/tests/test_epic_filter.py::test_epic_filter_ships PASSED
backend/tests/test_epic_filter.py::test_meta_snapshot_epic FAILED

================================== FAILURES ===================================
___________________________ test_meta_snapshot_epic ___________________________

    def test_meta_snapshot_epic():
        response = client.get("/api/meta-snapshot?include_epic=false")
        assert response.status_code == 200
        data = response.json()
    
        # Check pilots in meta sample
        epic_xws = {'raiderclasscorvette', 'cr90corelliancorvette', 'gozanticlasscruiser',
                    'gr75mediumtransport', 'cthc620cclasscorvette', 'croccruiser', 'tridentclassassaultship'}
        for p in data.get("pilots", []):
>           assert p['signature'] not in epic_xws
                   ^^^^^^^^^^^^^^
E           KeyError: 'signature'

backend\tests\test_epic_filter.py:53: KeyError
============================== warnings summary ===============================
backend\main.py:45
  C:\Users\franc\Documents\m3tacron-issue-65\backend\main.py:45: DeprecationWarning: 
          on_event is deprecated, use lifespan event handlers instead.
  
          Read more about it in the
          [FastAPI docs for Lifespan Events](https://fastapi.tiangolo.com/advanced/events/).
          
    @app.on_event("startup")

..\m3tacron\.venv\Lib\site-packages\fastapi\applications.py:4599
  C:\Users\franc\Documents\m3tacron\.venv\Lib\site-packages\fastapi\applications.py:4599: DeprecationWarning: 
          on_event is deprecated, use lifespan event handlers instead.
  
          Read more about it in the
          [FastAPI docs for Lifespan Events](https://fastapi.tiangolo.com/advanced/events/).
          
    return self.router.on_event(event_type)

-- Docs: https://docs.pytest.org/en/stable/how-to/capture-warnings.html
=========================== short test summary info ===========================
FAILED backend/tests/test_epic_filter.py::test_meta_snapshot_epic - KeyError:...
=================== 1 failed, 3 passed, 2 warnings in 1.35s ===================
